main.c:87:7:int2char	32	static
main.c:110:6:HAL_TIM_IC_CaptureCallback	16	static
main.c:150:6:fast_forward	0	static
main.c:159:6:medium_forward	0	static
main.c:168:6:slow_forward	0	static
main.c:177:6:left_turn	0	static
main.c:186:6:adjust_left	0	static
main.c:195:6:right_turn	0	static
main.c:204:6:adjust_right	0	static
main.c:213:6:reverse	0	static
main.c:224:6:right_reverse	0	static
main.c:235:6:left_reverse	0	static
main.c:259:6:determine	8	static
main.c:433:5:determine_posture	40	static
main.c:592:6:determine_LED	8	static
main.c:676:6:LED_control	8	static
main.c:747:7:distances2char	64	static
main.c:799:6:print_data	16	static
main.c:983:6:SystemClock_Config	160	static
main.c:848:5:main	144	static
main.c:1550:6:Error_Handler	0	static
