stm32f3xx_hal_msp.c:66:6:HAL_MspInit	16	static
stm32f3xx_hal_msp.c:90:6:HAL_TIM_PWM_MspInit	16	static
stm32f3xx_hal_msp.c:134:6:HAL_TIM_IC_MspInit	56	static
stm32f3xx_hal_msp.c:209:6:HAL_TIM_Base_MspInit	8	static
stm32f3xx_hal_msp.c:236:6:HAL_TIM_MspPostInit	48	static
stm32f3xx_hal_msp.c:355:6:HAL_TIM_PWM_MspDeInit	0	static
stm32f3xx_hal_msp.c:399:6:HAL_TIM_IC_MspDeInit	8	static
stm32f3xx_hal_msp.c:453:6:HAL_TIM_Base_MspDeInit	0	static
stm32f3xx_hal_msp.c:486:6:HAL_UART_MspInit	40	static
stm32f3xx_hal_msp.c:522:6:HAL_UART_MspDeInit	0	static
