Archive member included to satisfy reference by file (symbol)

c:/program files (x86)/atollic/truestudio for stm32 9.0.0/armtools/bin/../lib/gcc/arm-atollic-eabi/6.3.1/../../../../arm-atollic-eabi/lib/armv7e-m/fpu\libc_nano.a(lib_a-errno.o)
                              Src\syscalls.o (__errno)
c:/program files (x86)/atollic/truestudio for stm32 9.0.0/armtools/bin/../lib/gcc/arm-atollic-eabi/6.3.1/../../../../arm-atollic-eabi/lib/armv7e-m/fpu\libc_nano.a(lib_a-impure.o)
                              c:/program files (x86)/atollic/truestudio for stm32 9.0.0/armtools/bin/../lib/gcc/arm-atollic-eabi/6.3.1/../../../../arm-atollic-eabi/lib/armv7e-m/fpu\libc_nano.a(lib_a-errno.o) (_impure_ptr)
c:/program files (x86)/atollic/truestudio for stm32 9.0.0/armtools/bin/../lib/gcc/arm-atollic-eabi/6.3.1/../../../../arm-atollic-eabi/lib/armv7e-m/fpu\libc_nano.a(lib_a-init.o)
                              startup\startup_stm32f303xe.o (__libc_init_array)
c:/program files (x86)/atollic/truestudio for stm32 9.0.0/armtools/bin/../lib/gcc/arm-atollic-eabi/6.3.1/../../../../arm-atollic-eabi/lib/armv7e-m/fpu\libc_nano.a(lib_a-malloc.o)
                              Src\main.o (malloc)
c:/program files (x86)/atollic/truestudio for stm32 9.0.0/armtools/bin/../lib/gcc/arm-atollic-eabi/6.3.1/../../../../arm-atollic-eabi/lib/armv7e-m/fpu\libc_nano.a(lib_a-memset.o)
                              Src\main.o (memset)
c:/program files (x86)/atollic/truestudio for stm32 9.0.0/armtools/bin/../lib/gcc/arm-atollic-eabi/6.3.1/../../../../arm-atollic-eabi/lib/armv7e-m/fpu\libc_nano.a(lib_a-nano-freer.o)
                              c:/program files (x86)/atollic/truestudio for stm32 9.0.0/armtools/bin/../lib/gcc/arm-atollic-eabi/6.3.1/../../../../arm-atollic-eabi/lib/armv7e-m/fpu\libc_nano.a(lib_a-malloc.o) (_free_r)
c:/program files (x86)/atollic/truestudio for stm32 9.0.0/armtools/bin/../lib/gcc/arm-atollic-eabi/6.3.1/../../../../arm-atollic-eabi/lib/armv7e-m/fpu\libc_nano.a(lib_a-nano-mallocr.o)
                              c:/program files (x86)/atollic/truestudio for stm32 9.0.0/armtools/bin/../lib/gcc/arm-atollic-eabi/6.3.1/../../../../arm-atollic-eabi/lib/armv7e-m/fpu\libc_nano.a(lib_a-malloc.o) (_malloc_r)
c:/program files (x86)/atollic/truestudio for stm32 9.0.0/armtools/bin/../lib/gcc/arm-atollic-eabi/6.3.1/../../../../arm-atollic-eabi/lib/armv7e-m/fpu\libc_nano.a(lib_a-sbrkr.o)
                              c:/program files (x86)/atollic/truestudio for stm32 9.0.0/armtools/bin/../lib/gcc/arm-atollic-eabi/6.3.1/../../../../arm-atollic-eabi/lib/armv7e-m/fpu\libc_nano.a(lib_a-nano-mallocr.o) (_sbrk_r)
c:/program files (x86)/atollic/truestudio for stm32 9.0.0/armtools/bin/../lib/gcc/arm-atollic-eabi/6.3.1/../../../../arm-atollic-eabi/lib/armv7e-m/fpu\libc_nano.a(lib_a-strlen.o)
                              Src\main.o (strlen)
c:/program files (x86)/atollic/truestudio for stm32 9.0.0/armtools/bin/../lib/gcc/arm-atollic-eabi/6.3.1/../../../../arm-atollic-eabi/lib/armv7e-m/fpu\libc_nano.a(lib_a-mlock.o)
                              c:/program files (x86)/atollic/truestudio for stm32 9.0.0/armtools/bin/../lib/gcc/arm-atollic-eabi/6.3.1/../../../../arm-atollic-eabi/lib/armv7e-m/fpu\libc_nano.a(lib_a-nano-freer.o) (__malloc_lock)
c:/program files (x86)/atollic/truestudio for stm32 9.0.0/armtools/bin/../lib/gcc/arm-atollic-eabi/6.3.1/../../../../arm-atollic-eabi/lib/armv7e-m/fpu\libc_nano.a(lib_a-reent.o)
                              c:/program files (x86)/atollic/truestudio for stm32 9.0.0/armtools/bin/../lib/gcc/arm-atollic-eabi/6.3.1/../../../../arm-atollic-eabi/lib/armv7e-m/fpu\libc_nano.a(lib_a-sbrkr.o) (errno)
c:/program files (x86)/atollic/truestudio for stm32 9.0.0/armtools/bin/../lib/gcc/arm-atollic-eabi/6.3.1/../../../../arm-atollic-eabi/lib/armv7e-m/fpu\libm.a(lib_a-w_pow.o)
                              Src\main.o (pow)
c:/program files (x86)/atollic/truestudio for stm32 9.0.0/armtools/bin/../lib/gcc/arm-atollic-eabi/6.3.1/../../../../arm-atollic-eabi/lib/armv7e-m/fpu\libm.a(lib_a-e_pow.o)
                              c:/program files (x86)/atollic/truestudio for stm32 9.0.0/armtools/bin/../lib/gcc/arm-atollic-eabi/6.3.1/../../../../arm-atollic-eabi/lib/armv7e-m/fpu\libm.a(lib_a-w_pow.o) (__ieee754_pow)
c:/program files (x86)/atollic/truestudio for stm32 9.0.0/armtools/bin/../lib/gcc/arm-atollic-eabi/6.3.1/../../../../arm-atollic-eabi/lib/armv7e-m/fpu\libm.a(lib_a-e_sqrt.o)
                              c:/program files (x86)/atollic/truestudio for stm32 9.0.0/armtools/bin/../lib/gcc/arm-atollic-eabi/6.3.1/../../../../arm-atollic-eabi/lib/armv7e-m/fpu\libm.a(lib_a-e_pow.o) (__ieee754_sqrt)
c:/program files (x86)/atollic/truestudio for stm32 9.0.0/armtools/bin/../lib/gcc/arm-atollic-eabi/6.3.1/../../../../arm-atollic-eabi/lib/armv7e-m/fpu\libm.a(lib_a-s_fabs.o)
[...]
Memory Configuration

Name             Origin             Length             Attributes
RAM              0x20000000         0x00010000         xrw
CCMRAM           0x10000000         0x00004000         xrw
FLASH            0x08000000         0x00080000         xr
*default*        0x00000000         0xffffffff

Linker script and memory map

LOAD c:/program files (x86)/atollic/truestudio for stm32 9.0.0/armtools/bin/../lib/gcc/arm-atollic-eabi/6.3.1/armv7e-m/fpu/crti.o
LOAD c:/program files (x86)/atollic/truestudio for stm32 9.0.0/armtools/bin/../lib/gcc/arm-atollic-eabi/6.3.1/armv7e-m/fpu/crtbegin.o
LOAD Drivers\STM32F3xx_HAL_Driver\Src\stm32f3xx_hal.o
LOAD Drivers\STM32F3xx_HAL_Driver\Src\stm32f3xx_hal_cortex.o
LOAD Drivers\STM32F3xx_HAL_Driver\Src\stm32f3xx_hal_dma.o
LOAD Drivers\STM32F3xx_HAL_Driver\Src\stm32f3xx_hal_exti.o
LOAD Drivers\STM32F3xx_HAL_Driver\Src\stm32f3xx_hal_flash.o
LOAD Drivers\STM32F3xx_HAL_Driver\Src\stm32f3xx_hal_flash_ex.o
LOAD Drivers\STM32F3xx_HAL_Driver\Src\stm32f3xx_hal_gpio.o
LOAD Drivers\STM32F3xx_HAL_Driver\Src\stm32f3xx_hal_i2c.o
LOAD Drivers\STM32F3xx_HAL_Driver\Src\stm32f3xx_hal_i2c_ex.o
LOAD Drivers\STM32F3xx_HAL_Driver\Src\stm32f3xx_hal_pwr.o
LOAD Drivers\STM32F3xx_HAL_Driver\Src\stm32f3xx_hal_pwr_ex.o
LOAD Drivers\STM32F3xx_HAL_Driver\Src\stm32f3xx_hal_rcc.o
LOAD Drivers\STM32F3xx_HAL_Driver\Src\stm32f3xx_hal_rcc_ex.o
LOAD Drivers\STM32F3xx_HAL_Driver\Src\stm32f3xx_hal_tim.o
LOAD Drivers\STM32F3xx_HAL_Driver\Src\stm32f3xx_hal_tim_ex.o
LOAD Drivers\STM32F3xx_HAL_Driver\Src\stm32f3xx_hal_uart.o
LOAD Drivers\STM32F3xx_HAL_Driver\Src\stm32f3xx_hal_uart_ex.o
LOAD Src\main.o
LOAD Src\stm32f3xx_hal_msp.o
LOAD Src\stm32f3xx_it.o
LOAD Src\syscalls.o
LOAD Src\system_stm32f3xx.o
LOAD startup\startup_stm32f303xe.o
                0x00000080                malloc_getpagesize_P = 0x80
START GROUP
LOAD c:/program files (x86)/atollic/truestudio for stm32 9.0.0/armtools/bin/../lib/gcc/arm-atollic-eabi/6.3.1/../../../../arm-atollic-eabi/lib/armv7e-m/fpu\libc_nano.a
LOAD c:/program files (x86)/atollic/truestudio for stm32 9.0.0/armtools/bin/../lib/gcc/arm-atollic-eabi/6.3.1/../../../../arm-atollic-eabi/lib/armv7e-m/fpu\libm.a
END GROUP
START GROUP
LOAD c:/program files (x86)/atollic/truestudio for stm32 9.0.0/armtools/bin/../lib/gcc/arm-atollic-eabi/6.3.1/armv7e-m/fpu\libgcc.a
LOAD c:/program files (x86)/atollic/truestudio for stm32 9.0.0/armtools/bin/../lib/gcc/arm-atollic-eabi/6.3.1/../../../../arm-atollic-eabi/lib/armv7e-m/fpu\libc_nano.a
END GROUP
START GROUP
LOAD c:/program files (x86)/atollic/truestudio for stm32 9.0.0/armtools/bin/../lib/gcc/arm-atollic-eabi/6.3.1/armv7e-m/fpu\libgcc.a
LOAD c:/program files (x86)/atollic/truestudio for stm32 9.0.0/armtools/bin/../lib/gcc/arm-atollic-eabi/6.3.1/../../../../arm-atollic-eabi/lib/armv7e-m/fpu\libc_nano.a
LOAD c:/program files (x86)/atollic/truestudio for stm32 9.0.0/armtools/bin/../lib/gcc/arm-atollic-eabi/6.3.1/../../../../arm-atollic-eabi/lib/armv7e-m/fpu\libnosys.a
END GROUP
START GROUP
LOAD c:/program files (x86)/atollic/truestudio for stm32 9.0.0/armtools/bin/../lib/gcc/arm-atollic-eabi/6.3.1/armv7e-m/fpu\libgcc.a
LOAD c:/program files (x86)/atollic/truestudio for stm32 9.0.0/armtools/bin/../lib/gcc/arm-atollic-eabi/6.3.1/../../../../arm-atollic-eabi/lib/armv7e-m/fpu\libc_nano.a
LOAD c:/program files (x86)/atollic/truestudio for stm32 9.0.0/armtools/bin/../lib/gcc/arm-atollic-eabi/6.3.1/../../../../arm-atollic-eabi/lib/armv7e-m/fpu\libnosys.a
END GROUP
LOAD c:/program files (x86)/atollic/truestudio for stm32 9.0.0/armtools/bin/../lib/gcc/arm-atollic-eabi/6.3.1/armv7e-m/fpu/crtend.o
LOAD c:/program files (x86)/atollic/truestudio for stm32 9.0.0/armtools/bin/../lib/gcc/arm-atollic-eabi/6.3.1/armv7e-m/fpu/crtn.o
                0x20010000                _estack = 0x20010000
                0x00000200                _Min_Heap_Size = 0x200
                0x00000400                _Min_Stack_Size = 0x400

.isr_vector     0x08000000      0x194
                0x08000000                . = ALIGN (0x4)
 *(.isr_vector)
 .isr_vector    0x08000000      0x194 startup\startup_stm32f303xe.o
                0x08000000                g_pfnVectors
                0x08000194                . = ALIGN (0x4)

.text           0x08000198     0x3fe4
                0x08000198                . = ALIGN (0x4)
 *(.text)
 .text          0x08000198       0x40 c:/program files (x86)/atollic/truestudio for stm32 9.0.0/armtools/bin/../lib/gcc/arm-atollic-eabi/6.3.1/armv7e-m/fpu/crtbegin.o
 .text          0x080001d8      0x370 c:/program files (x86)/atollic/truestudio for stm32 9.0.0/armtools/bin/../lib/gcc/arm-atollic-eabi/6.3.1/armv7e-m/fpu\libgcc.a(_arm_addsubdf3.o)
                0x080001d8                __aeabi_drsub
                0x080001e0                __aeabi_dsub
                0x080001e0                __subdf3
                0x080001e4                __aeabi_dadd
                0x080001e4                __adddf3
                0x0800045c                __floatunsidf
                0x0800045c                __aeabi_ui2d
                0x0800047c                __floatsidf
                0x0800047c                __aeabi_i2d
                0x080004a0                __aeabi_f2d
                0x080004a0                __extendsfdf2
                0x080004dc                __floatundidf
                0x080004dc                __aeabi_ul2d
                0x080004ec                __floatdidf
                0x080004ec                __aeabi_l2d
 .text          0x08000548      0x424 c:/program files (x86)/atollic/truestudio for stm32 9.0.0/armtools/bin/../lib/gcc/arm-atollic-eabi/6.3.1/armv7e-m/fpu\libgcc.a(_arm_muldivdf3.o)
                0x08000548                __aeabi_dmul
                0x08000548                __muldf3
                0x0800079c                __divdf3
                0x0800079c                __aeabi_ddiv
 .text          0x0800096c      0x110 c:/program files (x86)/atollic/truestudio for stm32 9.0.0/armtools/bin/../lib/gcc/arm-atollic-eabi/6.3.1/armv7e-m/fpu\libgcc.a(_arm_cmpdf2.o)
                0x0800096c                __gtdf2
                0x0800096c                __gedf2
                0x08000974                __ltdf2
                0x08000974                __ledf2
                0x0800097c                __nedf2
                0x0800097c                __eqdf2
                0x0800097c                __cmpdf2
                0x080009f8                __aeabi_cdrcmple
                0x08000a08                __aeabi_cdcmpeq
                0x08000a08                __aeabi_cdcmple
                0x08000a18                __aeabi_dcmpeq
                0x08000a2c                __aeabi_dcmplt
                0x08000a40                __aeabi_dcmple
                0x08000a54                __aeabi_dcmpge
                0x08000a68                __aeabi_dcmpgt
 *(.text*)
 .text.HAL_InitTick
                0x08000a7c       0x48 Drivers\STM32F3xx_HAL_Driver\Src\stm32f3xx_hal.o
                0x08000a7c                HAL_InitTick
 .text.HAL_Init
                0x08000ac4       0x24 Drivers\STM32F3xx_HAL_Driver\Src\stm32f3xx_hal.o
                0x08000ac4                HAL_Init
 .text.HAL_IncTick
                0x08000ae8       0x18 Drivers\STM32F3xx_HAL_Driver\Src\stm32f3xx_hal.o
                0x08000ae8                HAL_IncTick
 .text.HAL_GetTick
                0x08000b00        0xc Drivers\STM32F3xx_HAL_Driver\Src\stm32f3xx_hal.o
                0x08000b00                HAL_GetTick
 .text.HAL_Delay
                0x08000b0c       0x28 Drivers\STM32F3xx_HAL_Driver\Src\stm32f3xx_hal.o
                0x08000b0c                HAL_Delay
 .text.HAL_NVIC_SetPriorityGrouping
                0x08000b34       0x24 Drivers\STM32F3xx_HAL_Driver\Src\stm32f3xx_hal_cortex.o
                0x08000b34                HAL_NVIC_SetPriorityGrouping
 .text.HAL_NVIC_SetPriority
                0x08000b58       0x68 Drivers\STM32F3xx_HAL_Driver\Src\stm32f3xx_hal_cortex.o
                0x08000b58                HAL_NVIC_SetPriority
 .text.HAL_NVIC_EnableIRQ
                0x08000bc0       0x1c Drivers\STM32F3xx_HAL_Driver\Src\stm32f3xx_hal_cortex.o
                0x08000bc0                HAL_NVIC_EnableIRQ
 .text.HAL_SYSTICK_Config
                0x08000bdc       0x2c Drivers\STM32F3xx_HAL_Driver\Src\stm32f3xx_hal_cortex.o
                0x08000bdc                HAL_SYSTICK_Config
 .text.HAL_GPIO_Init
                0x08000c08      0x1a0 Drivers\STM32F3xx_HAL_Driver\Src\stm32f3xx_hal_gpio.o
                0x08000c08                HAL_GPIO_Init
 .text.HAL_GPIO_ReadPin
                0x08000da8        0xc Drivers\STM32F3xx_HAL_Driver\Src\stm32f3xx_hal_gpio.o
                0x08000da8                HAL_GPIO_ReadPin
 .text.HAL_GPIO_WritePin
                0x08000db4        0xa Drivers\STM32F3xx_HAL_Driver\Src\stm32f3xx_hal_gpio.o
                0x08000db4                HAL_GPIO_WritePin
 .text.HAL_GPIO_TogglePin
                0x08000dbe        0xc Drivers\STM32F3xx_HAL_Driver\Src\stm32f3xx_hal_gpio.o
                0x08000dbe                HAL_GPIO_TogglePin
 *fill*         0x08000dca        0x2 
 .text.HAL_RCC_OscConfig
                0x08000dcc      0x538 Drivers\STM32F3xx_HAL_Driver\Src\stm32f3xx_hal_rcc.o
                0x08000dcc                HAL_RCC_OscConfig
 .text.HAL_RCC_GetSysClockFreq
                0x08001304       0x58 Drivers\STM32F3xx_HAL_Driver\Src\stm32f3xx_hal_rcc.o
                0x08001304                HAL_RCC_GetSysClockFreq
 .text.HAL_RCC_ClockConfig
                0x0800135c      0x15c Drivers\STM32F3xx_HAL_Driver\Src\stm32f3xx_hal_rcc.o
                0x0800135c                HAL_RCC_ClockConfig
 .text.HAL_RCC_GetPCLK1Freq
                0x080014b8       0x30 Drivers\STM32F3xx_HAL_Driver\Src\stm32f3xx_hal_rcc.o
                0x080014b8                HAL_RCC_GetPCLK1Freq
 .text.HAL_RCC_GetPCLK2Freq
                0x080014e8       0x30 Drivers\STM32F3xx_HAL_Driver\Src\stm32f3xx_hal_rcc.o
                0x080014e8                HAL_RCC_GetPCLK2Freq
 .text.HAL_RCCEx_PeriphCLKConfig
                0x08001518      0x288 Drivers\STM32F3xx_HAL_Driver\Src\stm32f3xx_hal_rcc_ex.o
                0x08001518                HAL_RCCEx_PeriphCLKConfig
 .text.TIM_OC1_SetConfig
                0x080017a0       0xa8 Drivers\STM32F3xx_HAL_Driver\Src\stm32f3xx_hal_tim.o
 .text.TIM_OC3_SetConfig
                0x08001848       0x98 Drivers\STM32F3xx_HAL_Driver\Src\stm32f3xx_hal_tim.o
 .text.TIM_OC4_SetConfig
                0x080018e0       0x70 Drivers\STM32F3xx_HAL_Driver\Src\stm32f3xx_hal_tim.o
 .text.TIM_OC5_SetConfig
                0x08001950       0x70 Drivers\STM32F3xx_HAL_Driver\Src\stm32f3xx_hal_tim.o
 .text.TIM_OC6_SetConfig
                0x080019c0       0x70 Drivers\STM32F3xx_HAL_Driver\Src\stm32f3xx_hal_tim.o
 .text.HAL_TIM_PeriodElapsedCallback
                0x08001a30        0x2 Drivers\STM32F3xx_HAL_Driver\Src\stm32f3xx_hal_tim.o
                0x08001a30                HAL_TIM_PeriodElapsedCallback
 .text.HAL_TIM_OC_DelayElapsedCallback
                0x08001a32        0x2 Drivers\STM32F3xx_HAL_Driver\Src\stm32f3xx_hal_tim.o
                0x08001a32                HAL_TIM_OC_DelayElapsedCallback
 .text.HAL_TIM_PWM_PulseFinishedCallback
                0x08001a34        0x2 Drivers\STM32F3xx_HAL_Driver\Src\stm32f3xx_hal_tim.o
                0x08001a34                HAL_TIM_PWM_PulseFinishedCallback
 .text.HAL_TIM_TriggerCallback
                0x08001a36        0x2 Drivers\STM32F3xx_HAL_Driver\Src\stm32f3xx_hal_tim.o
                0x08001a36                HAL_TIM_TriggerCallback
 .text.HAL_TIM_IRQHandler
                0x08001a38      0x160 Drivers\STM32F3xx_HAL_Driver\Src\stm32f3xx_hal_tim.o
                0x08001a38                HAL_TIM_IRQHandler
 .text.TIM_Base_SetConfig
                0x08001b98       0xd4 Drivers\STM32F3xx_HAL_Driver\Src\stm32f3xx_hal_tim.o
                0x08001b98                TIM_Base_SetConfig
 .text.HAL_TIM_Base_Init
                0x08001c6c       0x34 Drivers\STM32F3xx_HAL_Driver\Src\stm32f3xx_hal_tim.o
                0x08001c6c                HAL_TIM_Base_Init
 .text.HAL_TIM_PWM_Init
                0x08001ca0       0x34 Drivers\STM32F3xx_HAL_Driver\Src\stm32f3xx_hal_tim.o
                0x08001ca0                HAL_TIM_PWM_Init
 .text.HAL_TIM_IC_Init
                0x08001cd4       0x34 Drivers\STM32F3xx_HAL_Driver\Src\stm32f3xx_hal_tim.o
                0x08001cd4                HAL_TIM_IC_Init
 .text.TIM_OC2_SetConfig
                0x08001d08       0x9c Drivers\STM32F3xx_HAL_Driver\Src\stm32f3xx_hal_tim.o
                0x08001d08                TIM_OC2_SetConfig
 .text.HAL_TIM_PWM_ConfigChannel
                0x08001da4      0x10c Drivers\STM32F3xx_HAL_Driver\Src\stm32f3xx_hal_tim.o
                0x08001da4                HAL_TIM_PWM_ConfigChannel
 .text.TIM_TI1_SetConfig
                0x08001eb0       0x6c Drivers\STM32F3xx_HAL_Driver\Src\stm32f3xx_hal_tim.o
                0x08001eb0                TIM_TI1_SetConfig
 .text.HAL_TIM_IC_ConfigChannel
                0x08001f1c      0x110 Drivers\STM32F3xx_HAL_Driver\Src\stm32f3xx_hal_tim.o
                0x08001f1c                HAL_TIM_IC_ConfigChannel
 .text.TIM_CCxChannelCmd
                0x0800202c       0x1c Drivers\STM32F3xx_HAL_Driver\Src\stm32f3xx_hal_tim.o
                0x0800202c                TIM_CCxChannelCmd
 .text.HAL_TIM_PWM_Start
                0x08002048       0x6c Drivers\STM32F3xx_HAL_Driver\Src\stm32f3xx_hal_tim.o
                0x08002048                HAL_TIM_PWM_Start
 .text.HAL_TIM_PWM_Stop
                0x080020b4       0x84 Drivers\STM32F3xx_HAL_Driver\Src\stm32f3xx_hal_tim.o
                0x080020b4                HAL_TIM_PWM_Stop
 .text.HAL_TIM_IC_Start_IT
                0x08002138       0x6c Drivers\STM32F3xx_HAL_Driver\Src\stm32f3xx_hal_tim.o
                0x08002138                HAL_TIM_IC_Start_IT
 .text.HAL_TIMEx_MasterConfigSynchronization
                0x080021a4       0x98 Drivers\STM32F3xx_HAL_Driver\Src\stm32f3xx_hal_tim_ex.o
                0x080021a4                HAL_TIMEx_MasterConfigSynchronization
 .text.HAL_TIMEx_ConfigBreakDeadTime
                0x0800223c       0x8c Drivers\STM32F3xx_HAL_Driver\Src\stm32f3xx_hal_tim_ex.o
                0x0800223c                HAL_TIMEx_ConfigBreakDeadTime
 .text.HAL_TIMEx_CommutCallback
                0x080022c8        0x2 Drivers\STM32F3xx_HAL_Driver\Src\stm32f3xx_hal_tim_ex.o
                0x080022c8                HAL_TIMEx_CommutCallback
 .text.HAL_TIMEx_BreakCallback
                0x080022ca        0x2 Drivers\STM32F3xx_HAL_Driver\Src\stm32f3xx_hal_tim_ex.o
                0x080022ca                HAL_TIMEx_BreakCallback
 .text.HAL_TIMEx_Break2Callback
                0x080022cc        0x2 Drivers\STM32F3xx_HAL_Driver\Src\stm32f3xx_hal_tim_ex.o
                0x080022cc                HAL_TIMEx_Break2Callback
 *fill*         0x080022ce        0x2 
 .text.UART_SetConfig
                0x080022d0      0x220 Drivers\STM32F3xx_HAL_Driver\Src\stm32f3xx_hal_uart.o
                0x080022d0                UART_SetConfig
 .text.UART_AdvFeatureConfig
                0x080024f0       0xa8 Drivers\STM32F3xx_HAL_Driver\Src\stm32f3xx_hal_uart.o
                0x080024f0                UART_AdvFeatureConfig
 .text.UART_WaitOnFlagUntilTimeout
                0x08002598       0x86 Drivers\STM32F3xx_HAL_Driver\Src\stm32f3xx_hal_uart.o
                0x08002598                UART_WaitOnFlagUntilTimeout
 .text.HAL_UART_Transmit
                0x0800261e       0xae Drivers\STM32F3xx_HAL_Driver\Src\stm32f3xx_hal_uart.o
                0x0800261e                HAL_UART_Transmit
 .text.UART_CheckIdleState
                0x080026cc       0x60 Drivers\STM32F3xx_HAL_Driver\Src\stm32f3xx_hal_uart.o
                0x080026cc                UART_CheckIdleState
 .text.HAL_UART_Init
                0x0800272c       0x5c Drivers\STM32F3xx_HAL_Driver\Src\stm32f3xx_hal_uart.o
                0x0800272c                HAL_UART_Init
 .text.HAL_TIM_IC_CaptureCallback
                0x08002788      0x144 Src\main.o
                0x08002788                HAL_TIM_IC_CaptureCallback
 .text.fast_forward
                0x080028cc       0x28 Src\main.o
                0x080028cc                fast_forward
 .text.medium_forward
                0x080028f4       0x28 Src\main.o
                0x080028f4                medium_forward
 .text.slow_forward
                0x0800291c       0x28 Src\main.o
                0x0800291c                slow_forward
 .text.left_turn
                0x08002944       0x28 Src\main.o
                0x08002944                left_turn
 .text.adjust_left
                0x0800296c       0x28 Src\main.o
                0x0800296c                adjust_left
 .text.right_turn
                0x08002994       0x28 Src\main.o
                0x08002994                right_turn
 .text.adjust_right
                0x080029bc       0x28 Src\main.o
                0x080029bc                adjust_right
 .text.reverse  0x080029e4       0x28 Src\main.o
                0x080029e4                reverse
 .text.right_reverse
                0x08002a0c       0x2c Src\main.o
                0x08002a0c                right_reverse
 .text.left_reverse
                0x08002a38       0x2c Src\main.o
                0x08002a38                left_reverse
 .text.determine
                0x08002a64      0x1fc Src\main.o
                0x08002a64                determine
 .text.determine_posture
                0x08002c60      0x77c Src\main.o
                0x08002c60                determine_posture
 .text.determine_LED
                0x080033dc       0xc0 Src\main.o
                0x080033dc                determine_LED
 .text.LED_control
                0x0800349c      0x124 Src\main.o
                0x0800349c                LED_control
 .text.SystemClock_Config
                0x080035c0       0x70 Src\main.o
                0x080035c0                SystemClock_Config
 .text.startup.main
                0x08003630      0x704 Src\main.o
                0x08003630                main
 .text.HAL_MspInit
                0x08003d34       0x38 Src\stm32f3xx_hal_msp.o
                0x08003d34                HAL_MspInit
 .text.HAL_TIM_PWM_MspInit
                0x08003d6c       0x6c Src\stm32f3xx_hal_msp.o
                0x08003d6c                HAL_TIM_PWM_MspInit
 .text.HAL_TIM_IC_MspInit
                0x08003dd8       0xf4 Src\stm32f3xx_hal_msp.o
                0x08003dd8                HAL_TIM_IC_MspInit
 .text.HAL_TIM_Base_MspInit
                0x08003ecc       0x4c Src\stm32f3xx_hal_msp.o
                0x08003ecc                HAL_TIM_Base_MspInit
 .text.HAL_TIM_MspPostInit
                0x08003f18       0xf8 Src\stm32f3xx_hal_msp.o
                0x08003f18                HAL_TIM_MspPostInit
 .text.HAL_UART_MspInit
                0x08004010       0x60 Src\stm32f3xx_hal_msp.o
                0x08004010                HAL_UART_MspInit
 .text.NMI_Handler
                0x08004070        0x2 Src\stm32f3xx_it.o
                0x08004070                NMI_Handler
 .text.HardFault_Handler
                0x08004072        0x2 Src\stm32f3xx_it.o
                0x08004072                HardFault_Handler
 .text.MemManage_Handler
                0x08004074        0x2 Src\stm32f3xx_it.o
                0x08004074                MemManage_Handler
 .text.BusFault_Handler
                0x08004076        0x2 Src\stm32f3xx_it.o
                0x08004076                BusFault_Handler
 .text.UsageFault_Handler
                0x08004078        0x2 Src\stm32f3xx_it.o
                0x08004078                UsageFault_Handler
 .text.SVC_Handler
                0x0800407a        0x2 Src\stm32f3xx_it.o
                0x0800407a                SVC_Handler
 .text.DebugMon_Handler
                0x0800407c        0x2 Src\stm32f3xx_it.o
                0x0800407c                DebugMon_Handler
 .text.PendSV_Handler
                0x0800407e        0x2 Src\stm32f3xx_it.o
                0x0800407e                PendSV_Handler
 .text.SysTick_Handler
                0x08004080        0x4 Src\stm32f3xx_it.o
                0x08004080                SysTick_Handler
 .text.TIM2_IRQHandler
                0x08004084        0xc Src\stm32f3xx_it.o
                0x08004084                TIM2_IRQHandler
 .text.TIM4_IRQHandler
                0x08004090        0xc Src\stm32f3xx_it.o
                0x08004090                TIM4_IRQHandler
 .text.SystemInit
                0x0800409c       0x1c Src\system_stm32f3xx.o
                0x0800409c                SystemInit
 .text.Reset_Handler
                0x080040b8       0x50 startup\startup_stm32f303xe.o
                0x080040b8                Reset_Handler
 .text.Default_Handler
                0x08004108        0x2 startup\startup_stm32f303xe.o
                0x08004108                RTC_Alarm_IRQHandler
                0x08004108                TIM8_TRG_COM_IRQHandler
                0x08004108                TIM8_CC_IRQHandler
                0x08004108                SPI4_IRQHandler
                0x08004108                TIM1_CC_IRQHandler
                0x08004108                USB_HP_IRQHandler
                0x08004108                PVD_IRQHandler
                0x08004108                TAMP_STAMP_IRQHandler
                0x08004108                EXTI3_IRQHandler
                0x08004108                I2C3_ER_IRQHandler
                0x08004108                USB_HP_CAN_TX_IRQHandler
                0x08004108                EXTI0_IRQHandler
                0x08004108                I2C2_EV_IRQHandler
                0x08004108                FPU_IRQHandler
                0x08004108                TIM1_UP_TIM16_IRQHandler
                0x08004108                ADC1_2_IRQHandler
                0x08004108                SPI1_IRQHandler
                0x08004108                CAN_SCE_IRQHandler
                0x08004108                TIM6_DAC_IRQHandler
                0x08004108                TIM8_UP_IRQHandler
                0x08004108                DMA2_Channel2_IRQHandler
                0x08004108                DMA1_Channel4_IRQHandler
                0x08004108                TIM20_TRG_COM_IRQHandler
                0x08004108                USART3_IRQHandler
                0x08004108                DMA1_Channel7_IRQHandler
                0x08004108                UART5_IRQHandler
                0x08004108                ADC3_IRQHandler
                0x08004108                CAN_RX1_IRQHandler
                0x08004108                DMA2_Channel1_IRQHandler
                0x08004108                I2C1_EV_IRQHandler
                0x08004108                DMA1_Channel6_IRQHandler
                0x08004108                UART4_IRQHandler
                0x08004108                DMA2_Channel4_IRQHandler
                0x08004108                TIM3_IRQHandler
                0x08004108                RCC_IRQHandler
                0x08004108                TIM20_UP_IRQHandler
                0x08004108                DMA1_Channel1_IRQHandler
                0x08004108                Default_Handler
                0x08004108                USBWakeUp_RMP_IRQHandler
                0x08004108                EXTI15_10_IRQHandler
                0x08004108                TIM7_IRQHandler
                0x08004108                I2C3_EV_IRQHandler
                0x08004108                EXTI9_5_IRQHandler
                0x08004108                RTC_WKUP_IRQHandler
                0x08004108                SPI2_IRQHandler
                0x08004108                USB_LP_CAN_RX0_IRQHandler
                0x08004108                DMA2_Channel5_IRQHandler
                0x08004108                DMA1_Channel5_IRQHandler
                0x08004108                USB_LP_IRQHandler
                0x08004108                EXTI4_IRQHandler
                0x08004108                TIM1_TRG_COM_TIM17_IRQHandler
                0x08004108                DMA1_Channel3_IRQHandler
                0x08004108                ADC4_IRQHandler
                0x08004108                WWDG_IRQHandler
                0x08004108                COMP7_IRQHandler
                0x08004108                COMP1_2_3_IRQHandler
                0x08004108                EXTI1_IRQHandler
                0x08004108                USART2_IRQHandler
                0x08004108                COMP4_5_6_IRQHandler
                0x08004108                TIM20_BRK_IRQHandler
                0x08004108                I2C2_ER_IRQHandler
                0x08004108                DMA1_Channel2_IRQHandler
                0x08004108                TIM8_BRK_IRQHandler
                0x08004108                FLASH_IRQHandler
                0x08004108                TIM20_CC_IRQHandler
                0x08004108                USART1_IRQHandler
                0x08004108                SPI3_IRQHandler
                0x08004108                I2C1_ER_IRQHandler
                0x08004108                FMC_IRQHandler
                0x08004108                USBWakeUp_IRQHandler
                0x08004108                DMA2_Channel3_IRQHandler
                0x08004108                EXTI2_TSC_IRQHandler
                0x08004108                TIM1_BRK_TIM15_IRQHandler
 *fill*         0x0800410a        0x2 
 .text.__libc_init_array
                0x0800410c       0x48 c:/program files (x86)/atollic/truestudio for stm32 9.0.0/armtools/bin/../lib/gcc/arm-atollic-eabi/6.3.1/../../../../arm-atollic-eabi/lib/armv7e-m/fpu\libc_nano.a(lib_a-init.o)
                0x0800410c                __libc_init_array
 .text.memset   0x08004154       0x10 c:/program files (x86)/atollic/truestudio for stm32 9.0.0/armtools/bin/../lib/gcc/arm-atollic-eabi/6.3.1/../../../../arm-atollic-eabi/lib/armv7e-m/fpu\libc_nano.a(lib_a-memset.o)
                0x08004154                memset
 *(.glue_7)
 .glue_7        0x08004164        0x0 linker stubs
 *(.glue_7t)
 .glue_7t       0x08004164        0x0 linker stubs
 *(.eh_frame)
 .eh_frame      0x08004164        0x0 c:/program files (x86)/atollic/truestudio for stm32 9.0.0/armtools/bin/../lib/gcc/arm-atollic-eabi/6.3.1/armv7e-m/fpu/crtbegin.o
 *(.init)
 .init          0x08004164        0x4 c:/program files (x86)/atollic/truestudio for stm32 9.0.0/armtools/bin/../lib/gcc/arm-atollic-eabi/6.3.1/armv7e-m/fpu/crti.o
                0x08004164                _init
 .init          0x08004168        0x8 c:/program files (x86)/atollic/truestudio for stm32 9.0.0/armtools/bin/../lib/gcc/arm-atollic-eabi/6.3.1/armv7e-m/fpu/crtn.o
 *(.fini)
 .fini          0x08004170        0x4 c:/program files (x86)/atollic/truestudio for stm32 9.0.0/armtools/bin/../lib/gcc/arm-atollic-eabi/6.3.1/armv7e-m/fpu/crti.o
                0x08004170                _fini
 .fini          0x08004174        0x8 c:/program files (x86)/atollic/truestudio for stm32 9.0.0/armtools/bin/../lib/gcc/arm-atollic-eabi/6.3.1/armv7e-m/fpu/crtn.o
                0x0800417c                . = ALIGN (0x4)
                0x0800417c                _etext = .

.vfp11_veneer   0x0800417c        0x0
 .vfp11_veneer  0x0800417c        0x0 linker stubs

.v4_bx          0x0800417c        0x0
 .v4_bx         0x0800417c        0x0 linker stubs

.iplt           0x0800417c        0x0
 .iplt          0x0800417c        0x0 c:/program files (x86)/atollic/truestudio for stm32 9.0.0/armtools/bin/../lib/gcc/arm-atollic-eabi/6.3.1/armv7e-m/fpu/crtbegin.o

.rodata         0x0800417c       0x54
                0x0800417c                . = ALIGN (0x4)
 *(.rodata)
 *(.rodata*)
 .rodata.aPLLMULFactorTable
                0x0800417c       0x10 Drivers\STM32F3xx_HAL_Driver\Src\stm32f3xx_hal_rcc.o
                0x0800417c                aPLLMULFactorTable
 .rodata.aPredivFactorTable
                0x0800418c       0x10 Drivers\STM32F3xx_HAL_Driver\Src\stm32f3xx_hal_rcc.o
                0x0800418c                aPredivFactorTable
 .rodata.CSWTCH.52
                0x0800419c        0x4 Drivers\STM32F3xx_HAL_Driver\Src\stm32f3xx_hal_uart.o
 .rodata.main.str1.1
                0x080041a0       0x16 Src\main.o
 .rodata.AHBPrescTable
                0x080041b6       0x10 Src\system_stm32f3xx.o
                0x080041b6                AHBPrescTable
 .rodata.APBPrescTable
                0x080041c6        0x8 Src\system_stm32f3xx.o
                0x080041c6                APBPrescTable
                0x080041d0                . = ALIGN (0x4)
 *fill*         0x080041ce        0x2 

.rel.dyn        0x080041d0        0x0
 .rel.iplt      0x080041d0        0x0 c:/program files (x86)/atollic/truestudio for stm32 9.0.0/armtools/bin/../lib/gcc/arm-atollic-eabi/6.3.1/armv7e-m/fpu/crtbegin.o

.ARM.extab
 *(.ARM.extab* .gnu.linkonce.armextab.*)

.ARM            0x080041d0        0x0
                0x080041d0                __exidx_start = .
 *(.ARM.exidx*)
                0x080041d0                __exidx_end = .

.preinit_array  0x080041d0        0x0
                0x080041d0                PROVIDE (__preinit_array_start, .)
 *(.preinit_array*)
                0x080041d0                PROVIDE (__preinit_array_end, .)

.init_array     0x080041d0        0x4
                0x080041d0                PROVIDE (__init_array_start, .)
 *(SORT(.init_array.*))
 *(.init_array*)
 .init_array    0x080041d0        0x4 c:/program files (x86)/atollic/truestudio for stm32 9.0.0/armtools/bin/../lib/gcc/arm-atollic-eabi/6.3.1/armv7e-m/fpu/crtbegin.o
                0x080041d4                PROVIDE (__init_array_end, .)

.fini_array     0x080041d4        0x4
                [!provide]                PROVIDE (__fini_array_start, .)
 *(SORT(.fini_array.*))
 *(.fini_array*)
 .fini_array    0x080041d4        0x4 c:/program files (x86)/atollic/truestudio for stm32 9.0.0/armtools/bin/../lib/gcc/arm-atollic-eabi/6.3.1/armv7e-m/fpu/crtbegin.o
                [!provide]                PROVIDE (__fini_array_end, .)
                0x080041d8                _sidata = LOADADDR (.data)

.data           0x20000000        0xc load address 0x080041d8
                0x20000000                . = ALIGN (0x4)
                0x20000000                _sdata = .
 *(.data)
 *(.data*)
 .data.uwTickFreq
                0x20000000        0x1 Drivers\STM32F3xx_HAL_Driver\Src\stm32f3xx_hal.o
                0x20000000                uwTickFreq
 *fill*         0x20000001        0x3 
 .data.uwTickPrio
                0x20000004        0x4 Drivers\STM32F3xx_HAL_Driver\Src\stm32f3xx_hal.o
                0x20000004                uwTickPrio
 .data.SystemCoreClock
                0x20000008        0x4 Src\system_stm32f3xx.o
                0x20000008                SystemCoreClock
                0x2000000c                . = ALIGN (0x4)
                0x2000000c                _edata = .
                0x080041e4                _siccmram = LOADADDR (.ccmram)

.igot.plt       0x2000000c        0x0 load address 0x080041e4
 .igot.plt      0x2000000c        0x0 c:/program files (x86)/atollic/truestudio for stm32 9.0.0/armtools/bin/../lib/gcc/arm-atollic-eabi/6.3.1/armv7e-m/fpu/crtbegin.o

.ccmram         0x10000000        0x0 load address 0x080041e4
                0x10000000                . = ALIGN (0x4)
                0x10000000                _sccmram = .
 *(.ccmram)
 *(.ccmram*)
                0x10000000                . = ALIGN (0x4)
                0x10000000                _eccmram = .
                0x10000000                . = ALIGN (0x4)

.bss            0x20000010      0x370
                0x20000010                _sbss = .
                0x20000010                __bss_start__ = _sbss
 *(.bss)
 .bss           0x20000010       0x1c c:/program files (x86)/atollic/truestudio for stm32 9.0.0/armtools/bin/../lib/gcc/arm-atollic-eabi/6.3.1/armv7e-m/fpu/crtbegin.o
 *(.bss*)
 .bss.LED_lF    0x2000002c        0x4 Src\main.o
                0x2000002c                LED_lF
 .bss.LED_left  0x20000030        0x4 Src\main.o
                0x20000030                LED_left
 .bss.LED_rF    0x20000034        0x4 Src\main.o
                0x20000034                LED_rF
 .bss.LED_right
                0x20000038        0x4 Src\main.o
                0x20000038                LED_right
 *fill*         0x2000003c        0x4 
 .bss.dis_F     0x20000040        0x8 Src\main.o
                0x20000040                dis_F
 .bss.dis_lF    0x20000048        0x8 Src\main.o
                0x20000048                dis_lF
 .bss.dis_lR    0x20000050        0x8 Src\main.o
                0x20000050                dis_lR
 .bss.dis_rF    0x20000058        0x8 Src\main.o
                0x20000058                dis_rF
 .bss.dis_rR    0x20000060        0x8 Src\main.o
                0x20000060                dis_rR
 .bss.posture   0x20000068        0x4 Src\main.o
                0x20000068                posture
 .bss.state     0x2000006c        0x4 Src\main.o
                0x2000006c                state
 *(COMMON)
 COMMON         0x20000070        0x4 Drivers\STM32F3xx_HAL_Driver\Src\stm32f3xx_hal.o
                0x20000070                uwTick
 *fill*         0x20000074        0x4 
 COMMON         0x20000078      0x308 Src\main.o
                0x20000078                lR
                0x200000a0                lF
                0x200000c8                htim8
                0x20000108                htim4
                0x20000148                htim17
                0x20000188                rR
                0x200001b0                rF
                0x200001d8                htim3
                0x20000218                htim1
                0x20000258                htim2
                0x20000298                huart2
                0x20000318                htim16
                0x20000358                F
                0x20000380                . = ALIGN (0x4)
                0x20000380                _ebss = .
                0x20000380                __bss_end__ = _ebss

._user_heap_stack
                0x20000380      0x600
                0x20000380                . = ALIGN (0x4)
                0x20000380                PROVIDE (end, .)
                [!provide]                PROVIDE (_end, .)
                0x20000580                . = (. + _Min_Heap_Size)
 *fill*         0x20000380      0x200 
                0x20000980                . = (. + _Min_Stack_Size)
 *fill*         0x20000580      0x400 
                0x20000980                . = ALIGN (0x4)

/DISCARD/
 libc.a(*)
 libm.a(*)
 libgcc.a(*)

.ARM.attributes
                0x00000000       0x30
 *(.ARM.attributes)
 .ARM.attributes
                0x00000000       0x22 c:/program files (x86)/atollic/truestudio for stm32 9.0.0/armtools/bin/../lib/gcc/arm-atollic-eabi/6.3.1/armv7e-m/fpu/crti.o
 .ARM.attributes
                0x00000022       0x34 c:/program files (x86)/atollic/truestudio for stm32 9.0.0/armtools/bin/../lib/gcc/arm-atollic-eabi/6.3.1/armv7e-m/fpu/crtbegin.o
 .ARM.attributes
                0x00000056       0x39 Drivers\STM32F3xx_HAL_Driver\Src\stm32f3xx_hal.o
 .ARM.attributes
                0x0000008f       0x39 Drivers\STM32F3xx_HAL_Driver\Src\stm32f3xx_hal_cortex.o
 .ARM.attributes
                0x000000c8       0x39 Drivers\STM32F3xx_HAL_Driver\Src\stm32f3xx_hal_gpio.o
 .ARM.attributes
                0x00000101       0x39 Drivers\STM32F3xx_HAL_Driver\Src\stm32f3xx_hal_rcc.o
 .ARM.attributes
                0x0000013a       0x39 Drivers\STM32F3xx_HAL_Driver\Src\stm32f3xx_hal_rcc_ex.o
 .ARM.attributes
                0x00000173       0x39 Drivers\STM32F3xx_HAL_Driver\Src\stm32f3xx_hal_tim.o
 .ARM.attributes
                0x000001ac       0x39 Drivers\STM32F3xx_HAL_Driver\Src\stm32f3xx_hal_tim_ex.o
 .ARM.attributes
                0x000001e5       0x39 Drivers\STM32F3xx_HAL_Driver\Src\stm32f3xx_hal_uart.o
 .ARM.attributes
                0x0000021e       0x39 Src\main.o
 .ARM.attributes
                0x00000257       0x39 Src\stm32f3xx_hal_msp.o
 .ARM.attributes
                0x00000290       0x39 Src\stm32f3xx_it.o
 .ARM.attributes
                0x000002c9       0x39 Src\system_stm32f3xx.o
 .ARM.attributes
                0x00000302       0x21 startup\startup_stm32f303xe.o
 .ARM.attributes
                0x00000323       0x34 c:/program files (x86)/atollic/truestudio for stm32 9.0.0/armtools/bin/../lib/gcc/arm-atollic-eabi/6.3.1/../../../../arm-atollic-eabi/lib/armv7e-m/fpu\libc_nano.a(lib_a-init.o)
 .ARM.attributes
                0x00000357       0x34 c:/program files (x86)/atollic/truestudio for stm32 9.0.0/armtools/bin/../lib/gcc/arm-atollic-eabi/6.3.1/../../../../arm-atollic-eabi/lib/armv7e-m/fpu\libc_nano.a(lib_a-memset.o)
 .ARM.attributes
                0x0000038b       0x22 c:/program files (x86)/atollic/truestudio for stm32 9.0.0/armtools/bin/../lib/gcc/arm-atollic-eabi/6.3.1/armv7e-m/fpu\libgcc.a(_arm_addsubdf3.o)
 .ARM.attributes
                0x000003ad       0x22 c:/program files (x86)/atollic/truestudio for stm32 9.0.0/armtools/bin/../lib/gcc/arm-atollic-eabi/6.3.1/armv7e-m/fpu\libgcc.a(_arm_muldivdf3.o)
 .ARM.attributes
                0x000003cf       0x22 c:/program files (x86)/atollic/truestudio for stm32 9.0.0/armtools/bin/../lib/gcc/arm-atollic-eabi/6.3.1/armv7e-m/fpu\libgcc.a(_arm_cmpdf2.o)
 .ARM.attributes
                0x000003f1       0x22 c:/program files (x86)/atollic/truestudio for stm32 9.0.0/armtools/bin/../lib/gcc/arm-atollic-eabi/6.3.1/armv7e-m/fpu/crtn.o
OUTPUT(AutoBoat_0620.elf elf32-littlearm)

.debug_info     0x00000000     0xf38d
 .debug_info    0x00000000      0x8e2 Drivers\STM32F3xx_HAL_Driver\Src\stm32f3xx_hal.o
 .debug_info    0x000008e2      0xf2c Drivers\STM32F3xx_HAL_Driver\Src\stm32f3xx_hal_cortex.o
 .debug_info    0x0000180e      0x7c0 Drivers\STM32F3xx_HAL_Driver\Src\stm32f3xx_hal_gpio.o
 .debug_info    0x00001fce     0x13da Drivers\STM32F3xx_HAL_Driver\Src\stm32f3xx_hal_rcc.o
 .debug_info    0x000033a8      0x795 Drivers\STM32F3xx_HAL_Driver\Src\stm32f3xx_hal_rcc_ex.o
 .debug_info    0x00003b3d     0x3864 Drivers\STM32F3xx_HAL_Driver\Src\stm32f3xx_hal_tim.o
 .debug_info    0x000073a1     0x13c6 Drivers\STM32F3xx_HAL_Driver\Src\stm32f3xx_hal_tim_ex.o
 .debug_info    0x00008767     0x1ba2 Drivers\STM32F3xx_HAL_Driver\Src\stm32f3xx_hal_uart.o
 .debug_info    0x0000a309     0x3243 Src\main.o
 .debug_info    0x0000d54c     0x124f Src\stm32f3xx_hal_msp.o
 .debug_info    0x0000e79b      0x71d Src\stm32f3xx_it.o
 .debug_info    0x0000eeb8      0x462 Src\system_stm32f3xx.o
 .debug_info    0x0000f31a       0x73 startup\startup_stm32f303xe.o

.debug_abbrev   0x00000000     0x1f29
 .debug_abbrev  0x00000000      0x239 Drivers\STM32F3xx_HAL_Driver\Src\stm32f3xx_hal.o
 .debug_abbrev  0x00000239      0x314 Drivers\STM32F3xx_HAL_Driver\Src\stm32f3xx_hal_cortex.o
 .debug_abbrev  0x0000054d      0x1e6 Drivers\STM32F3xx_HAL_Driver\Src\stm32f3xx_hal_gpio.o
 .debug_abbrev  0x00000733      0x2d4 Drivers\STM32F3xx_HAL_Driver\Src\stm32f3xx_hal_rcc.o
 .debug_abbrev  0x00000a07      0x276 Drivers\STM32F3xx_HAL_Driver\Src\stm32f3xx_hal_rcc_ex.o
 .debug_abbrev  0x00000c7d      0x324 Drivers\STM32F3xx_HAL_Driver\Src\stm32f3xx_hal_tim.o
 .debug_abbrev  0x00000fa1      0x29c Drivers\STM32F3xx_HAL_Driver\Src\stm32f3xx_hal_tim_ex.o
 .debug_abbrev  0x0000123d      0x31b Drivers\STM32F3xx_HAL_Driver\Src\stm32f3xx_hal_uart.o
 .debug_abbrev  0x00001558      0x495 Src\main.o
 .debug_abbrev  0x000019ed      0x260 Src\stm32f3xx_hal_msp.o
 .debug_abbrev  0x00001c4d      0x1a4 Src\stm32f3xx_it.o
 .debug_abbrev  0x00001df1      0x126 Src\system_stm32f3xx.o
 .debug_abbrev  0x00001f17       0x12 startup\startup_stm32f303xe.o

.debug_loc      0x00000000     0x7996
 .debug_loc     0x00000000      0x12e Drivers\STM32F3xx_HAL_Driver\Src\stm32f3xx_hal.o
 .debug_loc     0x0000012e      0x4fb Drivers\STM32F3xx_HAL_Driver\Src\stm32f3xx_hal_cortex.o
 .debug_loc     0x00000629      0x295 Drivers\STM32F3xx_HAL_Driver\Src\stm32f3xx_hal_gpio.o
 .debug_loc     0x000008be      0x985 Drivers\STM32F3xx_HAL_Driver\Src\stm32f3xx_hal_rcc.o
 .debug_loc     0x00001243      0x858 Drivers\STM32F3xx_HAL_Driver\Src\stm32f3xx_hal_rcc_ex.o
 .debug_loc     0x00001a9b     0x34d1 Drivers\STM32F3xx_HAL_Driver\Src\stm32f3xx_hal_tim.o
 .debug_loc     0x00004f6c      0xb77 Drivers\STM32F3xx_HAL_Driver\Src\stm32f3xx_hal_tim_ex.o
 .debug_loc     0x00005ae3     0x14e0 Drivers\STM32F3xx_HAL_Driver\Src\stm32f3xx_hal_uart.o
 .debug_loc     0x00006fc3      0x7ec Src\main.o
 .debug_loc     0x000077af       0xf2 Src\stm32f3xx_hal_msp.o
 .debug_loc     0x000078a1       0xf5 Src\system_stm32f3xx.o

.debug_aranges  0x00000000      0x9b8
 .debug_aranges
                0x00000000       0xd8 Drivers\STM32F3xx_HAL_Driver\Src\stm32f3xx_hal.o
 .debug_aranges
                0x000000d8       0xa8 Drivers\STM32F3xx_HAL_Driver\Src\stm32f3xx_hal_cortex.o
 .debug_aranges
                0x00000180       0x58 Drivers\STM32F3xx_HAL_Driver\Src\stm32f3xx_hal_gpio.o
 .debug_aranges
                0x000001d8       0x88 Drivers\STM32F3xx_HAL_Driver\Src\stm32f3xx_hal_rcc.o
 .debug_aranges
                0x00000260       0x38 Drivers\STM32F3xx_HAL_Driver\Src\stm32f3xx_hal_rcc_ex.o
 .debug_aranges
                0x00000298      0x298 Drivers\STM32F3xx_HAL_Driver\Src\stm32f3xx_hal_tim.o
 .debug_aranges
                0x00000530      0x100 Drivers\STM32F3xx_HAL_Driver\Src\stm32f3xx_hal_tim_ex.o
 .debug_aranges
                0x00000630      0x1b8 Drivers\STM32F3xx_HAL_Driver\Src\stm32f3xx_hal_uart.o
 .debug_aranges
                0x000007e8       0xc0 Src\main.o
 .debug_aranges
                0x000008a8       0x68 Src\stm32f3xx_hal_msp.o
 .debug_aranges
                0x00000910       0x58 Src\stm32f3xx_it.o
 .debug_aranges
                0x00000968       0x28 Src\system_stm32f3xx.o
 .debug_aranges
                0x00000990       0x28 startup\startup_stm32f303xe.o

.debug_ranges   0x00000000      0xf18
 .debug_ranges  0x00000000       0xc8 Drivers\STM32F3xx_HAL_Driver\Src\stm32f3xx_hal.o
 .debug_ranges  0x000000c8      0x128 Drivers\STM32F3xx_HAL_Driver\Src\stm32f3xx_hal_cortex.o
 .debug_ranges  0x000001f0       0x68 Drivers\STM32F3xx_HAL_Driver\Src\stm32f3xx_hal_gpio.o
 .debug_ranges  0x00000258      0x1f0 Drivers\STM32F3xx_HAL_Driver\Src\stm32f3xx_hal_rcc.o
 .debug_ranges  0x00000448       0x90 Drivers\STM32F3xx_HAL_Driver\Src\stm32f3xx_hal_rcc_ex.o
 .debug_ranges  0x000004d8      0x390 Drivers\STM32F3xx_HAL_Driver\Src\stm32f3xx_hal_tim.o
 .debug_ranges  0x00000868       0xf0 Drivers\STM32F3xx_HAL_Driver\Src\stm32f3xx_hal_tim_ex.o
 .debug_ranges  0x00000958      0x1c0 Drivers\STM32F3xx_HAL_Driver\Src\stm32f3xx_hal_uart.o
 .debug_ranges  0x00000b18      0x2b0 Src\main.o
 .debug_ranges  0x00000dc8       0xd0 Src\stm32f3xx_hal_msp.o
 .debug_ranges  0x00000e98       0x48 Src\stm32f3xx_it.o
 .debug_ranges  0x00000ee0       0x18 Src\system_stm32f3xx.o
 .debug_ranges  0x00000ef8       0x20 startup\startup_stm32f303xe.o

.debug_line     0x00000000     0x562a
 .debug_line    0x00000000      0x3eb Drivers\STM32F3xx_HAL_Driver\Src\stm32f3xx_hal.o
 .debug_line    0x000003eb      0x455 Drivers\STM32F3xx_HAL_Driver\Src\stm32f3xx_hal_cortex.o
 .debug_line    0x00000840      0x3db Drivers\STM32F3xx_HAL_Driver\Src\stm32f3xx_hal_gpio.o
 .debug_line    0x00000c1b      0x836 Drivers\STM32F3xx_HAL_Driver\Src\stm32f3xx_hal_rcc.o
 .debug_line    0x00001451      0x4ff Drivers\STM32F3xx_HAL_Driver\Src\stm32f3xx_hal_rcc_ex.o
 .debug_line    0x00001950     0x145b Drivers\STM32F3xx_HAL_Driver\Src\stm32f3xx_hal_tim.o
 .debug_line    0x00002dab      0x74c Drivers\STM32F3xx_HAL_Driver\Src\stm32f3xx_hal_tim_ex.o
 .debug_line    0x000034f7      0xdb6 Drivers\STM32F3xx_HAL_Driver\Src\stm32f3xx_hal_uart.o
 .debug_line    0x000042ad      0xa9a Src\main.o
 .debug_line    0x00004d47      0x3c6 Src\stm32f3xx_hal_msp.o
 .debug_line    0x0000510d      0x295 Src\stm32f3xx_it.o
 .debug_line    0x000053a2      0x20a Src\system_stm32f3xx.o
 .debug_line    0x000055ac       0x7e startup\startup_stm32f303xe.o

.debug_str      0x00000000     0x4084
 .debug_str     0x00000000      0xa1a Drivers\STM32F3xx_HAL_Driver\Src\stm32f3xx_hal.o
                                0xa7e (size before relaxing)
 .debug_str     0x00000a1a      0x4d4 Drivers\STM32F3xx_HAL_Driver\Src\stm32f3xx_hal_cortex.o
                                0xca5 (size before relaxing)
 .debug_str     0x00000eee      0x248 Drivers\STM32F3xx_HAL_Driver\Src\stm32f3xx_hal_gpio.o
                                0x5a1 (size before relaxing)
 .debug_str     0x00001136      0x32f Drivers\STM32F3xx_HAL_Driver\Src\stm32f3xx_hal_rcc.o
                                0x731 (size before relaxing)
 .debug_str     0x00001465      0x2b9 Drivers\STM32F3xx_HAL_Driver\Src\stm32f3xx_hal_rcc_ex.o
                                0x69a (size before relaxing)
 .debug_str     0x0000171e     0x1294 Drivers\STM32F3xx_HAL_Driver\Src\stm32f3xx_hal_tim.o
                               0x15fd (size before relaxing)
 .debug_str     0x000029b2      0x5a6 Drivers\STM32F3xx_HAL_Driver\Src\stm32f3xx_hal_tim_ex.o
                                0xe03 (size before relaxing)
 .debug_str     0x00002f58      0x92d Drivers\STM32F3xx_HAL_Driver\Src\stm32f3xx_hal_uart.o
                                0xf0e (size before relaxing)
 .debug_str     0x00003885      0x6b3 Src\main.o
                               0x16e2 (size before relaxing)
 .debug_str     0x00003f38       0x36 Src\stm32f3xx_hal_msp.o
                                0xf58 (size before relaxing)
 .debug_str     0x00003f6e       0xc6 Src\stm32f3xx_it.o
                                0x765 (size before relaxing)
 .debug_str     0x00004034       0x50 Src\system_stm32f3xx.o
                                0x38b (size before relaxing)

.comment        0x00000000       0x7c
 .comment       0x00000000       0x7c Drivers\STM32F3xx_HAL_Driver\Src\stm32f3xx_hal.o
                                 0x7d (size before relaxing)
 .comment       0x0000007c       0x7d Drivers\STM32F3xx_HAL_Driver\Src\stm32f3xx_hal_cortex.o
 .comment       0x0000007c       0x7d Drivers\STM32F3xx_HAL_Driver\Src\stm32f3xx_hal_gpio.o
 .comment       0x0000007c       0x7d Drivers\STM32F3xx_HAL_Driver\Src\stm32f3xx_hal_rcc.o
 .comment       0x0000007c       0x7d Drivers\STM32F3xx_HAL_Driver\Src\stm32f3xx_hal_rcc_ex.o
 .comment       0x0000007c       0x7d Drivers\STM32F3xx_HAL_Driver\Src\stm32f3xx_hal_tim.o
 .comment       0x0000007c       0x7d Drivers\STM32F3xx_HAL_Driver\Src\stm32f3xx_hal_tim_ex.o
 .comment       0x0000007c       0x7d Drivers\STM32F3xx_HAL_Driver\Src\stm32f3xx_hal_uart.o
 .comment       0x0000007c       0x7d Src\main.o
 .comment       0x0000007c       0x7d Src\stm32f3xx_hal_msp.o
 .comment       0x0000007c       0x7d Src\stm32f3xx_it.o
 .comment       0x0000007c       0x7d Src\system_stm32f3xx.o

.debug_frame    0x00000000     0x1efc
 .debug_frame   0x00000000      0x1d4 Drivers\STM32F3xx_HAL_Driver\Src\stm32f3xx_hal.o
 .debug_frame   0x000001d4      0x158 Drivers\STM32F3xx_HAL_Driver\Src\stm32f3xx_hal_cortex.o
 .debug_frame   0x0000032c       0xd4 Drivers\STM32F3xx_HAL_Driver\Src\stm32f3xx_hal_gpio.o
 .debug_frame   0x00000400      0x144 Drivers\STM32F3xx_HAL_Driver\Src\stm32f3xx_hal_rcc.o
 .debug_frame   0x00000544       0xb8 Drivers\STM32F3xx_HAL_Driver\Src\stm32f3xx_hal_rcc_ex.o
 .debug_frame   0x000005fc      0x994 Drivers\STM32F3xx_HAL_Driver\Src\stm32f3xx_hal_tim.o
 .debug_frame   0x00000f90      0x388 Drivers\STM32F3xx_HAL_Driver\Src\stm32f3xx_hal_tim_ex.o
 .debug_frame   0x00001318      0x584 Drivers\STM32F3xx_HAL_Driver\Src\stm32f3xx_hal_uart.o
 .debug_frame   0x0000189c      0x248 Src\main.o
 .debug_frame   0x00001ae4      0x114 Src\stm32f3xx_hal_msp.o
 .debug_frame   0x00001bf8       0xc0 Src\stm32f3xx_it.o
 .debug_frame   0x00001cb8       0x38 Src\system_stm32f3xx.o
 .debug_frame   0x00001cf0       0x2c c:/program files (x86)/atollic/truestudio for stm32 9.0.0/armtools/bin/../lib/gcc/arm-atollic-eabi/6.3.1/../../../../arm-atollic-eabi/lib/armv7e-m/fpu\libc_nano.a(lib_a-init.o)
 .debug_frame   0x00001d1c       0x20 c:/program files (x86)/atollic/truestudio for stm32 9.0.0/armtools/bin/../lib/gcc/arm-atollic-eabi/6.3.1/../../../../arm-atollic-eabi/lib/armv7e-m/fpu\libc_nano.a(lib_a-memset.o)
 .debug_frame   0x00001d3c       0xac c:/program files (x86)/atollic/truestudio for stm32 9.0.0/armtools/bin/../lib/gcc/arm-atollic-eabi/6.3.1/armv7e-m/fpu\libgcc.a(_arm_addsubdf3.o)
 .debug_frame   0x00001de8       0x50 c:/program files (x86)/atollic/truestudio for stm32 9.0.0/armtools/bin/../lib/gcc/arm-atollic-eabi/6.3.1/armv7e-m/fpu\libgcc.a(_arm_muldivdf3.o)
 .debug_frame   0x00001e38       0xc4 c:/program files (x86)/atollic/truestudio for stm32 9.0.0/armtools/bin/../lib/gcc/arm-atollic-eabi/6.3.1/armv7e-m/fpu\libgcc.a(_arm_cmpdf2.o)
